\BOOKMARK [1][-]{section.1}{\376\377\004\022\004\062\004\065\004\064\004\065\004\075\004\070\004\065\000\040\004\070\000\040\004\077\004\076\004\101\004\102\004\060\004\075\004\076\004\062\004\072\004\060\000\040\004\067\004\060\004\064\004\060\004\107\004\070}{}% 1
\BOOKMARK [2][-]{subsection.1.1}{\376\377\004\027\004\060\004\064\004\060\004\107\004\060}{section.1}% 2
\BOOKMARK [2][-]{subsection.1.2}{\376\377\004\034\004\065\004\102\004\100\004\070\004\072\004\060\000:\000\040\000P\000r\000e\000c\000i\000s\000i\000o\000n\000@\000K}{section.1}% 3
\BOOKMARK [2][-]{subsection.1.3}{\376\377\004\044\004\076\004\100\004\074\004\060\004\102\000\040\000s\000u\000b\000m\000i\000s\000s\000i\000o\000n}{section.1}% 4
\BOOKMARK [1][-]{section.2}{\376\377\004\024\004\060\004\075\004\075\004\113\004\065}{}% 5
\BOOKMARK [2][-]{subsection.2.1}{\376\377\004\036\004\061\004\103\004\107\004\060\004\116\004\111\004\070\004\071\000\040\004\064\004\060\004\102\004\060\004\101\004\065\004\102\000\040\000\050\000t\000r\000a\000i\000n\000\051}{section.2}% 6
\BOOKMARK [2][-]{subsection.2.2}{\376\377\004\042\004\065\004\101\004\102\004\076\004\062\004\113\004\071\000\040\004\064\004\060\004\102\004\060\004\101\004\065\004\102\000\040\000\050\000t\000e\000s\000t\000\137\000p\000u\000b\000l\000i\000c\000\051}{section.2}% 7
\BOOKMARK [1][-]{section.3}{\376\377\000B\000a\000s\000e\000l\000i\000n\000e\000\040\004\076\004\100\004\063\004\060\004\075\004\070\004\067\004\060\004\102\004\076\004\100\004\076\004\062}{}% 8
\BOOKMARK [1][-]{section.4}{\376\377\004\034\004\076\004\064\004\103\004\073\004\114\004\075\004\113\004\071\000\040\004\077\004\060\004\071\004\077\004\073\004\060\004\071\004\075}{}% 9
\BOOKMARK [1][-]{section.5}{\376\377\004\055\004\072\004\101\004\077\004\065\004\100\004\070\004\074\004\065\004\075\004\102\004\113\000\040\004\101\000\040\004\115\004\075\004\072\004\076\004\064\004\065\004\100\004\060\004\074\004\070}{}% 10
\BOOKMARK [2][-]{subsection.5.1}{\376\377\004\022\004\113\004\062\004\076\004\064\004\113\000\040\004\077\004\076\000\040\004\115\004\075\004\072\004\076\004\064\004\065\004\100\004\060\004\074}{section.5}% 11
\BOOKMARK [1][-]{section.6}{\376\377\004\037\004\100\004\065\004\064\004\076\004\061\004\100\004\060\004\061\004\076\004\102\004\072\004\060\000:\000\040\000V\000o\000i\000c\000e\000\040\000A\000c\000t\000i\000v\000i\000t\000y\000\040\000D\000e\000t\000e\000c\000t\000i\000o\000n}{}% 12
\BOOKMARK [2][-]{subsection.6.1}{\376\377\004\023\004\070\004\077\004\076\004\102\004\065\004\067\004\060}{section.6}% 13
\BOOKMARK [2][-]{subsection.6.2}{\376\377\000F\000i\000r\000e\000R\000e\000d\000V\000A\000D}{section.6}% 14
\BOOKMARK [1][-]{section.7}{\376\377\004\037\004\076\004\101\004\102\004\076\004\061\004\100\004\060\004\061\004\076\004\102\004\072\004\060\000:\000\040\000A\000d\000a\000p\000t\000i\000v\000e\000\040\000S\000c\000o\000r\000e\000\040\000N\000o\000r\000m\000a\000l\000i\000z\000a\000t\000i\000o\000n}{}% 15
\BOOKMARK [2][-]{subsection.7.1}{\376\377\004\023\004\070\004\077\004\076\004\102\004\065\004\067\004\060}{section.7}% 16
\BOOKMARK [2][-]{subsection.7.2}{\376\377\004\040\004\065\004\060\004\073\004\070\004\067\004\060\004\106\004\070\004\117\000\040\000A\000S\000-\000N\000o\000r\000m}{section.7}% 17
\BOOKMARK [1][-]{section.8}{\376\377\004\032\004\076\004\074\004\061\004\070\004\075\004\060\004\106\004\070\004\117\000\040\000V\000A\000D\000\040\000+\000\040\000A\000S\000-\000N\000o\000r\000m}{}% 18
\BOOKMARK [2][-]{subsection.8.1}{\376\377\004\040\004\060\004\101\004\110\004\070\004\100\004\065\004\075\004\070\004\065\000\040\004\077\004\103\004\073\004\060\000\040\004\072\004\060\004\075\004\064\004\070\004\064\004\060\004\102\004\076\004\062\000\040\000A\000S\000-\000N\000o\000r\000m}{section.8}% 19
\BOOKMARK [1][-]{section.9}{\376\377\004\030\004\075\004\066\004\065\004\075\004\065\004\100\004\075\004\113\004\065\000\040\004\076\004\077\004\102\004\070\004\074\004\070\004\067\004\060\004\106\004\070\004\070}{}% 20
\BOOKMARK [2][-]{subsection.9.1}{\376\377\004\037\004\100\004\065\004\104\004\065\004\102\004\107\000\040\004\064\004\060\004\075\004\075\004\113\004\105}{section.9}% 21
\BOOKMARK [2][-]{subsection.9.2}{\376\377\004\032\004\076\004\074\004\077\004\070\004\073\004\117\004\106\004\070\004\117\000\040\004\074\004\076\004\064\004\065\004\073\004\070}{section.9}% 22
\BOOKMARK [1][-]{section.10}{\376\377\000F\000i\000n\000e\000-\000t\000u\000n\000i\000n\000g\000\040\000R\000e\000D\000i\000m\000N\000e\000t\000-\000b\0006}{}% 23
\BOOKMARK [2][-]{subsection.10.1}{\376\377\004\034\004\076\004\102\004\070\004\062\004\060\004\106\004\070\004\117}{section.10}% 24
\BOOKMARK [2][-]{subsection.10.2}{\376\377\000L\000o\000s\000s\000:\000\040\000A\000A\000M\000-\000S\000o\000f\000t\000m\000a\000x\000\040\000\050\000A\000r\000c\000F\000a\000c\000e\000\051}{section.10}% 25
\BOOKMARK [2][-]{subsection.10.3}{\376\377\0003\000-\004\101\004\102\004\060\004\064\004\070\004\071\004\075\004\060\004\117\000\040\004\101\004\102\004\100\004\060\004\102\004\065\004\063\004\070\004\117}{section.10}% 26
\BOOKMARK [2][-]{subsection.10.4}{\376\377\004\020\004\103\004\063\004\074\004\065\004\075\004\102\004\060\004\106\004\070\004\070\000\040\000\050\000S\000t\000a\000g\000e\000\040\0001\040\023\0002\000\051}{section.10}% 27
\BOOKMARK [2][-]{subsection.10.5}{\376\377\004\030\004\075\004\104\004\100\004\060\004\101\004\102\004\100\004\103\004\072\004\102\004\103\004\100\004\060\000\040\004\076\004\061\004\103\004\107\004\065\004\075\004\070\004\117}{section.10}% 28
\BOOKMARK [2][-]{subsection.10.6}{\376\377\004\037\004\100\004\076\004\074\004\065\004\066\004\103\004\102\004\076\004\107\004\075\004\113\004\065\000\040\004\100\004\065\004\067\004\103\004\073\004\114\004\102\004\060\004\102\004\113\000\040\004\076\004\061\004\103\004\107\004\065\004\075\004\070\004\117}{section.10}% 29
\BOOKMARK [2][-]{subsection.10.7}{\376\377\004\040\004\065\004\067\004\103\004\073\004\114\004\102\004\060\004\102\004\113\000\040\004\075\004\060\000\040\000t\000e\000s\000t\000\137\000p\000u\000b\000l\000i\000c}{section.10}% 30
\BOOKMARK [1][-]{section.11}{\376\377\004\030\004\102\004\076\004\063\004\076\004\062\004\076\004\065\000\040\004\100\004\065\004\110\004\065\004\075\004\070\004\065}{}% 31
\BOOKMARK [2][-]{subsection.11.1}{\376\377\004\041\004\062\004\076\004\064\004\075\004\060\004\117\000\040\004\102\004\060\004\061\004\073\004\070\004\106\004\060\000\040\004\077\004\100\004\076\004\063\004\100\004\065\004\101\004\101\004\060}{section.11}% 32
\BOOKMARK [1][-]{section.12}{\376\377\004\022\004\113\004\062\004\076\004\064\004\113}{}% 33
\BOOKMARK [1][-]{section.13}{\376\377\004\024\004\060\004\073\004\114\004\075\004\065\004\071\004\110\004\065\004\065\000\040\004\100\004\060\004\067\004\062\004\070\004\102\004\070\004\065}{}% 34
\BOOKMARK [2][-]{subsection.13.1}{\376\377\004\027\004\060\004\062\004\065\004\100\004\110\004\065\004\075\004\070\004\065\000\040\004\076\004\061\004\103\004\107\004\065\004\075\004\070\004\117}{section.13}% 35
\BOOKMARK [2][-]{subsection.13.2}{\376\377\000Q\000u\000a\000l\000i\000t\000y\000-\000a\000w\000a\000r\000e\000\040\000s\000c\000o\000r\000i\000n\000g}{section.13}% 36
\BOOKMARK [2][-]{subsection.13.3}{\376\377\000M\000u\000l\000t\000i\000-\000s\000y\000s\000t\000e\000m\000\040\000f\000u\000s\000i\000o\000n}{section.13}% 37
\BOOKMARK [2][-]{subsection.13.4}{\376\377\000S\000u\000b\000-\000c\000e\000n\000t\000e\000r\000\040\000A\000r\000c\000F\000a\000c\000e}{section.13}% 38
\BOOKMARK [2][-]{subsection.13.5}{\376\377\004\040\004\060\004\101\004\110\004\070\004\100\004\065\004\075\004\075\004\113\004\065\000\040\004\060\004\103\004\063\004\074\004\065\004\075\004\102\004\060\004\106\004\070\004\070}{section.13}% 39
\BOOKMARK [2][-]{subsection.13.6}{\376\377\000E\000m\000b\000e\000d\000d\000i\000n\000g\000\040\000p\000o\000s\000t\000-\000p\000r\000o\000c\000e\000s\000s\000i\000n\000g}{section.13}% 40
\BOOKMARK [1][-]{section.14}{\376\377\004\022\004\076\004\101\004\077\004\100\004\076\004\070\004\067\004\062\004\076\004\064\004\070\004\074\004\076\004\101\004\102\004\114}{}% 41
\BOOKMARK [2][-]{subsection.14.1}{\376\377\004\027\004\060\004\062\004\070\004\101\004\070\004\074\004\076\004\101\004\102\004\070}{section.14}% 42
\BOOKMARK [2][-]{subsection.14.2}{\376\377\004\034\004\076\004\064\004\065\004\073\004\070}{section.14}% 43
